2026-01-31 15:42:08,185 - hydration_ml - INFO - Loading trained hydration models...
2026-01-31 15:42:23,892 - hydration_ml - INFO - Loading trained hydration models...
2026-02-01 16:19:47,345 - hydration_ml - INFO - Loading trained hydration models...
2026-02-01 17:34:45,510 - hydration_ml - INFO - Loading trained hydration models...
2026-02-01 17:41:34,004 - hydration_ml - INFO - Loading trained hydration models...
2026-02-01 17:42:37,299 - hydration_ml - INFO - Loading trained hydration models...
2026-02-01 17:43:18,565 - hydration_ml - INFO - Loading trained hydration models...
2026-02-01 17:44:58,726 - hydration_ml - INFO - Loading trained hydration models...
2026-02-01 17:46:41,667 - hydration_ml - INFO - ============================================================
2026-02-01 17:46:41,667 - hydration_ml - INFO - HYDRATION ML TRAINING PIPELINE (TIME-WINDOW AWARE)
2026-02-01 17:46:41,667 - hydration_ml - INFO - ============================================================
2026-02-01 17:46:41,710 - hydration_ml - INFO - Data cleaned | Shape: (1608, 23)
2026-02-01 17:46:41,778 - hydration_ml - INFO - Labeled dataset saved successfully
2026-02-01 17:46:41,779 - hydration_ml - INFO - Dataset loaded: 1608 samples
2026-02-01 17:46:41,779 - hydration_ml - INFO - Starting full training pipeline...
2026-02-01 17:46:41,779 - hydration_ml - INFO - Preparing features (engineering + preprocessing)...
2026-02-01 17:46:41,784 - hydration_ml - INFO - Train X: (1286, 24), Test X: (322, 24)
2026-02-01 17:46:41,786 - hydration_ml - INFO - Preprocessor using 9 numeric and 8 categorical features
2026-02-01 17:46:41,811 - hydration_ml - INFO - Processed features | Train: (1286, 19), Test: (322, 19)
2026-02-01 17:46:41,812 - hydration_ml - INFO - Training RandomForest Regressor (Next 4h Water)...
2026-02-01 17:46:42,765 - hydration_ml - INFO - Regressor trained in 0.93s | RMSE=0.020, R²=0.989
2026-02-01 17:46:42,765 - hydration_ml - INFO - Training Hydration Risk Classifier...
2026-02-01 17:46:45,563 - hydration_ml - INFO - Classifier trained in 0.49s | Accuracy=0.981, F1=0.981
2026-02-01 17:46:45,564 - hydration_ml - INFO - Saving models and preprocessing artifacts...
2026-02-01 17:46:45,642 - hydration_ml - INFO - Models and artifacts saved successfully
2026-02-01 17:46:45,642 - hydration_ml - INFO - 
============================================================
2026-02-01 17:46:45,643 - hydration_ml - INFO - FINAL TRAINING SUMMARY
2026-02-01 17:46:45,643 - hydration_ml - INFO - ============================================================
2026-02-01 17:46:45,643 - hydration_ml - INFO - Water Requirement Regressor:
2026-02-01 17:46:45,643 - hydration_ml - INFO -   RMSE: 0.020
2026-02-01 17:46:45,643 - hydration_ml - INFO -   MAE : 0.007
2026-02-01 17:46:45,643 - hydration_ml - INFO -   R²  : 0.989
2026-02-01 17:46:45,643 - hydration_ml - INFO - 
Hydration Risk Classifier:
2026-02-01 17:46:45,643 - hydration_ml - INFO -   Accuracy: 0.981
2026-02-01 17:46:45,644 - hydration_ml - INFO -   F1 Score: 0.981
2026-02-01 17:46:45,644 - hydration_ml - INFO -   CV Accuracy: 0.966 ± 0.006
2026-02-01 17:46:45,645 - hydration_ml - INFO - ============================================================
2026-02-01 17:46:45,645 - hydration_ml - INFO - TRAINING COMPLETED SUCCESSFULLY
2026-02-01 17:47:09,749 - hydration_ml - INFO - Loading trained hydration models...
2026-02-01 17:47:09,810 - hydration_ml - INFO - Feature engineering completed | Features: 31
2026-02-01 17:50:12,787 - hydration_ml - INFO - Loading trained hydration models...
2026-02-01 17:50:13,249 - hydration_ml - INFO - Feature engineering completed | Features: 31
2026-02-01 17:52:26,902 - hydration_ml - INFO - Feature engineering completed | Features: 31
2026-02-01 17:54:04,720 - hydration_ml - INFO - Feature engineering completed | Features: 31
2026-02-01 17:55:13,128 - hydration_ml - INFO - Feature engineering completed | Features: 31
2026-02-02 12:42:39,556 - hydration_ml - INFO - Loading trained hydration models...
2026-02-02 12:42:40,150 - hydration_ml - INFO - Feature engineering completed | Features: 31
2026-02-03 06:14:48,069 - hydration_ml - INFO - Loading trained hydration models...
2026-02-03 06:14:48,774 - hydration_ml - INFO - Feature engineering completed | Features: 31
2026-02-03 06:15:17,399 - hydration_ml - INFO - Feature engineering completed | Features: 31
2026-02-03 06:15:41,771 - hydration_ml - INFO - Feature engineering completed | Features: 31
2026-02-03 06:16:13,043 - hydration_ml - INFO - Feature engineering completed | Features: 31
2026-02-03 06:16:51,027 - hydration_ml - INFO - Feature engineering completed | Features: 31
2026-02-03 06:32:10,935 - hydration_ml - INFO - ============================================================
2026-02-03 06:32:10,935 - hydration_ml - INFO - HYDRATION ML TRAINING PIPELINE (TIME-WINDOW AWARE)
2026-02-03 06:32:10,935 - hydration_ml - INFO - ============================================================
2026-02-03 06:32:10,975 - hydration_ml - INFO - Data cleaned | Shape: (1608, 23)
2026-02-03 06:32:11,042 - hydration_ml - INFO - Labeled dataset saved successfully
2026-02-03 06:32:11,043 - hydration_ml - INFO - Dataset loaded: 1608 samples
2026-02-03 06:32:11,043 - hydration_ml - INFO - Starting full training pipeline...
2026-02-03 06:32:11,043 - hydration_ml - INFO - Preparing features (engineering + preprocessing)...
2026-02-03 06:32:11,062 - hydration_ml - INFO - Feature engineering completed | Features: 37
2026-02-03 06:32:11,068 - hydration_ml - INFO - Train X: (1286, 35), Test X: (322, 35)
2026-02-03 06:32:11,069 - hydration_ml - INFO - Preprocessor using 18 numeric and 8 categorical features
2026-02-03 06:32:11,093 - hydration_ml - INFO - Processed features | Train: (1286, 28), Test: (322, 28)
2026-02-03 06:32:11,093 - hydration_ml - INFO - Training RandomForest Regressor (Next 4h Water)...
2026-02-03 06:32:14,573 - hydration_ml - INFO - Regressor trained in 3.46s | RMSE=0.025, R²=0.983
2026-02-03 06:32:14,574 - hydration_ml - INFO - Training Hydration Risk Classifier...
2026-02-03 06:32:18,620 - hydration_ml - INFO - Classifier trained in 0.72s | Accuracy=0.991, F1=0.990
2026-02-03 06:32:18,620 - hydration_ml - INFO - Saving models and preprocessing artifacts...
2026-02-03 06:32:18,650 - hydration_ml - INFO - Models and artifacts saved successfully
2026-02-03 06:32:18,650 - hydration_ml - INFO - 
============================================================
2026-02-03 06:32:18,650 - hydration_ml - INFO - FINAL TRAINING SUMMARY
2026-02-03 06:32:18,650 - hydration_ml - INFO - ============================================================
2026-02-03 06:32:18,651 - hydration_ml - INFO - Water Requirement Regressor:
2026-02-03 06:32:18,651 - hydration_ml - INFO -   RMSE: 0.025
2026-02-03 06:32:18,651 - hydration_ml - INFO -   MAE : 0.010
2026-02-03 06:32:18,651 - hydration_ml - INFO -   R²  : 0.983
2026-02-03 06:32:18,651 - hydration_ml - INFO - 
Hydration Risk Classifier:
2026-02-03 06:32:18,651 - hydration_ml - INFO -   Accuracy: 0.991
2026-02-03 06:32:18,651 - hydration_ml - INFO -   F1 Score: 0.990
2026-02-03 06:32:18,651 - hydration_ml - INFO -   CV Accuracy: 0.979 ± 0.005
2026-02-03 06:32:18,652 - hydration_ml - INFO - ============================================================
2026-02-03 06:32:18,652 - hydration_ml - INFO - TRAINING COMPLETED SUCCESSFULLY
2026-02-03 06:33:38,050 - hydration_ml - INFO - Loading trained hydration models...
2026-02-03 06:33:38,207 - hydration_ml - INFO - Feature engineering completed | Features: 31
2026-02-03 06:38:27,450 - hydration_ml - INFO - Feature engineering completed | Features: 31
2026-02-03 06:51:08,594 - hydration_ml - INFO - Feature engineering completed | Features: 31
2026-02-03 06:51:41,391 - hydration_ml - INFO - Feature engineering completed | Features: 31
2026-02-03 06:52:19,499 - hydration_ml - INFO - Feature engineering completed | Features: 31
2026-02-03 06:52:47,903 - hydration_ml - INFO - Feature engineering completed | Features: 31
2026-02-03 06:55:56,082 - hydration_ml - INFO - Feature engineering completed | Features: 31
2026-02-03 06:57:38,690 - hydration_ml - INFO - Feature engineering completed | Features: 31
2026-02-03 07:04:35,427 - hydration_ml - INFO - Feature engineering completed | Features: 31
2026-02-03 07:10:52,843 - hydration_ml - INFO - Feature engineering completed | Features: 31
2026-02-03 10:07:56,841 - hydration_ml - INFO - Loading trained hydration models...
2026-02-03 10:07:57,584 - hydration_ml - INFO - Feature engineering completed | Features: 31
2026-02-03 10:11:40,304 - hydration_ml - INFO - Loading trained hydration models...
2026-02-03 10:11:40,596 - hydration_ml - INFO - Feature engineering completed | Features: 31
2026-02-03 10:14:28,909 - hydration_ml - INFO - ============================================================
2026-02-03 10:14:28,911 - hydration_ml - INFO - HYDRATION ML TRAINING PIPELINE (TIME-WINDOW AWARE)
2026-02-03 10:14:28,911 - hydration_ml - INFO - ============================================================
2026-02-03 10:14:28,970 - hydration_ml - INFO - Data cleaned | Shape: (1608, 23)
2026-02-03 10:14:29,058 - hydration_ml - INFO - Labeled dataset saved successfully
2026-02-03 10:14:29,058 - hydration_ml - INFO - Dataset loaded: 1608 samples
2026-02-03 10:14:29,058 - hydration_ml - INFO - Starting full training pipeline...
2026-02-03 10:14:29,058 - hydration_ml - INFO - Preparing features (engineering + preprocessing)...
2026-02-03 10:14:29,076 - hydration_ml - INFO - Feature engineering completed | Features: 37
2026-02-03 10:14:29,082 - hydration_ml - INFO - Train X: (1286, 35), Test X: (322, 35)
2026-02-03 10:14:29,083 - hydration_ml - INFO - Preprocessor using 18 numeric and 8 categorical features
2026-02-03 10:14:29,108 - hydration_ml - INFO - Processed features | Train: (1286, 28), Test: (322, 28)
2026-02-03 10:14:29,108 - hydration_ml - INFO - Training RandomForest Regressor (Next 4h Water)...
2026-02-03 10:14:32,480 - hydration_ml - INFO - Regressor trained in 3.35s | RMSE=0.025, R²=0.983
2026-02-03 10:14:32,481 - hydration_ml - INFO - Training Hydration Risk Classifier...
2026-02-03 10:14:36,327 - hydration_ml - INFO - Classifier trained in 0.71s | Accuracy=0.991, F1=0.990
2026-02-03 10:14:36,327 - hydration_ml - INFO - Saving models and preprocessing artifacts...
2026-02-03 10:14:36,349 - hydration_ml - INFO - Models and artifacts saved successfully
2026-02-03 10:14:36,350 - hydration_ml - INFO - 
============================================================
2026-02-03 10:14:36,350 - hydration_ml - INFO - FINAL TRAINING SUMMARY
2026-02-03 10:14:36,350 - hydration_ml - INFO - ============================================================
2026-02-03 10:14:36,350 - hydration_ml - INFO - Water Requirement Regressor:
2026-02-03 10:14:36,350 - hydration_ml - INFO -   RMSE: 0.025
2026-02-03 10:14:36,350 - hydration_ml - INFO -   MAE : 0.010
2026-02-03 10:14:36,351 - hydration_ml - INFO -   R²  : 0.983
2026-02-03 10:14:36,351 - hydration_ml - INFO - 
Hydration Risk Classifier:
2026-02-03 10:14:36,351 - hydration_ml - INFO -   Accuracy: 0.991
2026-02-03 10:14:36,352 - hydration_ml - INFO -   F1 Score: 0.990
2026-02-03 10:14:36,352 - hydration_ml - INFO -   CV Accuracy: 0.979 ± 0.005
2026-02-03 10:14:36,352 - hydration_ml - INFO - ============================================================
2026-02-03 10:14:36,352 - hydration_ml - INFO - TRAINING COMPLETED SUCCESSFULLY
2026-02-03 10:19:36,852 - hydration_ml - INFO - Loading trained hydration models...
2026-02-03 10:19:37,271 - hydration_ml - INFO - Feature engineering completed | Features: 31
2026-02-03 10:20:50,628 - hydration_ml - INFO - Feature engineering completed | Features: 31
2026-02-03 10:21:44,712 - hydration_ml - INFO - Feature engineering completed | Features: 31
2026-02-03 10:27:26,998 - hydration_ml - INFO - Loading trained hydration models...
2026-02-03 10:27:27,621 - hydration_ml - INFO - Feature engineering completed | Features: 31
2026-02-03 10:28:24,585 - hydration_ml - INFO - Loading trained hydration models...
2026-02-03 10:28:24,820 - hydration_ml - INFO - Feature engineering completed | Features: 31
2026-02-03 10:32:18,618 - hydration_ml - INFO - Loading trained hydration models...
2026-02-03 10:32:18,876 - hydration_ml - INFO - Feature engineering completed | Features: 31
2026-02-03 10:37:41,416 - hydration_ml - INFO - Loading trained hydration models...
2026-02-03 10:37:41,669 - hydration_ml - INFO - Successfully patched SimpleImputer compatibility.
2026-02-03 10:37:41,710 - hydration_ml - INFO - Feature engineering completed | Features: 31
2026-02-03 10:37:52,519 - hydration_ml - INFO - Feature engineering completed | Features: 31
2026-02-03 11:47:00,643 - hydration_ml - INFO - Loading trained hydration models...
2026-02-03 11:47:00,890 - hydration_ml - INFO - Successfully patched SimpleImputer compatibility.
2026-02-03 11:47:00,966 - hydration_ml - INFO - Feature engineering completed | Features: 31
2026-02-03 11:50:24,352 - hydration_ml - INFO - Loading trained hydration models...
2026-02-03 11:50:24,572 - hydration_ml - INFO - Successfully patched SimpleImputer compatibility.
2026-02-03 11:50:24,653 - hydration_ml - INFO - Feature engineering completed | Features: 31
2026-02-03 11:53:35,531 - hydration_ml - INFO - Loading trained hydration models...
2026-02-03 11:53:35,768 - hydration_ml - INFO - Successfully patched SimpleImputer compatibility.
2026-02-03 11:53:35,770 - hydration_ml - INFO - Patched RandomForestRegressor for potential version mismatch.
2026-02-03 11:53:35,771 - hydration_ml - INFO - Patched RandomForestClassifier for potential version mismatch.
2026-02-03 11:53:35,815 - hydration_ml - INFO - Feature engineering completed | Features: 31
2026-02-03 11:56:18,083 - hydration_ml - INFO - Feature engineering completed | Features: 31
2026-02-03 11:58:21,722 - hydration_ml - INFO - Feature engineering completed | Features: 31
2026-02-03 12:01:52,706 - hydration_ml - INFO - Feature engineering completed | Features: 31
2026-02-03 12:21:40,791 - hydration_ml - INFO - Loading trained hydration models...
2026-02-03 12:21:40,921 - hydration_ml - INFO - Successfully patched SimpleImputer compatibility.
2026-02-03 12:21:40,922 - hydration_ml - INFO - Patched RandomForestRegressor for potential version mismatch.
2026-02-03 12:21:40,922 - hydration_ml - INFO - Patched RandomForestClassifier for potential version mismatch.
2026-02-03 12:21:40,964 - hydration_ml - INFO - Feature engineering completed | Features: 31
2026-02-03 12:26:38,313 - hydration_ml - INFO - Loading trained hydration models...
2026-02-03 12:26:38,552 - hydration_ml - INFO - Successfully patched SimpleImputer compatibility.
2026-02-03 12:26:38,552 - hydration_ml - INFO - Patched RandomForestRegressor for potential version mismatch.
2026-02-03 12:26:38,552 - hydration_ml - INFO - Patched RandomForestClassifier for potential version mismatch.
2026-02-03 12:27:27,460 - hydration_ml - INFO - Loading trained hydration models...
2026-02-03 12:27:27,534 - hydration_ml - INFO - Successfully patched SimpleImputer compatibility.
2026-02-03 12:27:27,535 - hydration_ml - INFO - Patched RandomForestRegressor for potential version mismatch.
2026-02-03 12:27:27,535 - hydration_ml - INFO - Patched RandomForestClassifier for potential version mismatch.
2026-02-03 12:27:27,584 - hydration_ml - INFO - Feature engineering completed | Features: 30
2026-02-03 12:30:43,040 - hydration_ml - INFO - Loading trained hydration models...
2026-02-03 12:30:43,124 - hydration_ml - INFO - Successfully patched SimpleImputer compatibility.
2026-02-03 12:30:43,125 - hydration_ml - INFO - Patched RandomForestRegressor for potential version mismatch.
2026-02-03 12:30:43,125 - hydration_ml - INFO - Patched RandomForestClassifier for potential version mismatch.
2026-02-03 12:30:43,138 - hydration_ml - INFO - Feature engineering completed | Features: 30
2026-02-03 13:07:50,822 - hydration_ml - INFO - Loading trained hydration models...
2026-02-03 13:07:50,939 - hydration_ml - INFO - Successfully patched SimpleImputer compatibility.
2026-02-03 13:07:50,939 - hydration_ml - INFO - Patched RandomForestRegressor for potential version mismatch.
2026-02-03 13:07:50,940 - hydration_ml - INFO - Patched RandomForestClassifier for potential version mismatch.
2026-02-03 13:07:50,973 - hydration_ml - INFO - Feature engineering completed | Features: 31
2026-02-03 13:08:13,760 - hydration_ml - INFO - Feature engineering completed | Features: 31
2026-02-03 13:08:24,081 - hydration_ml - INFO - Feature engineering completed | Features: 31
2026-02-03 13:08:52,491 - hydration_ml - INFO - Feature engineering completed | Features: 31
2026-02-03 13:09:19,713 - hydration_ml - INFO - Feature engineering completed | Features: 31
2026-02-03 13:18:51,993 - hydration_ml - INFO - Loading trained hydration models...
2026-02-03 13:18:52,058 - hydration_ml - INFO - Successfully patched SimpleImputer compatibility.
2026-02-03 13:18:52,058 - hydration_ml - INFO - Patched RandomForestRegressor for potential version mismatch.
2026-02-03 13:18:52,060 - hydration_ml - INFO - Patched RandomForestClassifier for potential version mismatch.
2026-02-03 13:18:52,072 - hydration_ml - INFO - Feature engineering completed | Features: 31
2026-02-03 13:20:16,114 - hydration_ml - INFO - Feature engineering completed | Features: 31
2026-02-03 13:22:02,496 - hydration_ml - INFO - Feature engineering completed | Features: 31
2026-02-03 13:51:42,130 - hydration_ml - INFO - Loading trained hydration models...
2026-02-03 13:51:42,233 - hydration_ml - INFO - Successfully patched SimpleImputer compatibility.
2026-02-03 13:51:42,233 - hydration_ml - INFO - Patched RandomForestRegressor for potential version mismatch.
2026-02-03 13:51:42,234 - hydration_ml - INFO - Patched RandomForestClassifier for potential version mismatch.
2026-02-03 13:51:42,268 - hydration_ml - INFO - Feature engineering completed | Features: 31
2026-02-03 14:18:28,008 - hydration_ml - INFO - Loading trained hydration models...
2026-02-03 14:18:28,071 - hydration_ml - INFO - Successfully patched SimpleImputer compatibility.
2026-02-03 14:18:28,072 - hydration_ml - INFO - Patched RandomForestRegressor for potential version mismatch.
2026-02-03 14:18:28,072 - hydration_ml - INFO - Patched RandomForestClassifier for potential version mismatch.
2026-02-03 14:18:28,084 - hydration_ml - INFO - Feature engineering completed | Features: 31
2026-02-03 14:26:00,071 - hydration_ml - INFO - Loading trained hydration models...
2026-02-03 14:26:00,129 - hydration_ml - INFO - Successfully patched SimpleImputer compatibility.
2026-02-03 14:26:00,131 - hydration_ml - INFO - Patched RandomForestRegressor for potential version mismatch.
2026-02-03 14:26:00,131 - hydration_ml - INFO - Patched RandomForestClassifier for potential version mismatch.
2026-02-03 14:26:00,144 - hydration_ml - INFO - Feature engineering completed | Features: 31
2026-02-03 14:54:12,951 - hydration_ml - INFO - Loading trained hydration models...
2026-02-03 14:54:13,248 - hydration_ml - INFO - Successfully patched SimpleImputer compatibility.
2026-02-03 14:54:13,249 - hydration_ml - INFO - Patched RandomForestRegressor for potential version mismatch.
2026-02-03 14:54:13,249 - hydration_ml - INFO - Patched RandomForestClassifier for potential version mismatch.
2026-02-03 14:54:13,344 - hydration_ml - INFO - Feature engineering completed | Features: 31
2026-02-03 14:55:49,402 - hydration_ml - INFO - Feature engineering completed | Features: 31
2026-02-03 15:00:45,427 - hydration_ml - INFO - Loading trained hydration models...
2026-02-03 15:00:45,648 - hydration_ml - INFO - Successfully patched SimpleImputer compatibility.
2026-02-03 15:00:45,648 - hydration_ml - INFO - Patched RandomForestRegressor for potential version mismatch.
2026-02-03 15:00:45,649 - hydration_ml - INFO - Patched RandomForestClassifier for potential version mismatch.
2026-02-03 15:00:45,690 - hydration_ml - INFO - Feature engineering completed | Features: 31
2026-02-03 15:01:17,428 - hydration_ml - INFO - Feature engineering completed | Features: 31
2026-02-03 15:06:02,823 - hydration_ml - INFO - Feature engineering completed | Features: 31
2026-02-03 15:14:14,241 - hydration_ml - INFO - Feature engineering completed | Features: 31
2026-02-03 15:18:27,230 - hydration_ml - INFO - Loading trained hydration models...
2026-02-03 15:18:27,483 - hydration_ml - INFO - Successfully patched SimpleImputer compatibility.
2026-02-03 15:18:27,484 - hydration_ml - INFO - Patched RandomForestRegressor for potential version mismatch.
2026-02-03 15:18:27,485 - hydration_ml - INFO - Patched RandomForestClassifier for potential version mismatch.
2026-02-03 15:18:27,530 - hydration_ml - INFO - Feature engineering completed | Features: 31
2026-02-03 15:19:34,772 - hydration_ml - INFO - Feature engineering completed | Features: 31
2026-02-03 15:37:44,882 - hydration_ml - INFO - Loading trained hydration models...
2026-02-03 15:37:45,142 - hydration_ml - INFO - Successfully patched SimpleImputer compatibility.
2026-02-03 15:37:45,143 - hydration_ml - INFO - Patched RandomForestRegressor for potential version mismatch.
2026-02-03 15:37:45,144 - hydration_ml - INFO - Patched RandomForestClassifier for potential version mismatch.
2026-02-03 15:37:45,206 - hydration_ml - INFO - Feature engineering completed | Features: 31
2026-02-03 15:49:05,371 - hydration_ml - INFO - Loading trained hydration models...
2026-02-03 15:49:05,732 - hydration_ml - INFO - Successfully patched SimpleImputer compatibility.
2026-02-03 15:49:05,733 - hydration_ml - INFO - Patched RandomForestRegressor for potential version mismatch.
2026-02-03 15:49:05,734 - hydration_ml - INFO - Patched RandomForestClassifier for potential version mismatch.
2026-02-03 15:49:05,848 - hydration_ml - INFO - Feature engineering completed | Features: 31
2026-02-03 16:42:16,603 - hydration_ml - INFO - Loading trained hydration models...
2026-02-03 16:42:16,729 - hydration_ml - INFO - Successfully patched SimpleImputer compatibility.
2026-02-03 16:42:16,730 - hydration_ml - INFO - Patched RandomForestRegressor for potential version mismatch.
2026-02-03 16:42:16,730 - hydration_ml - INFO - Patched RandomForestClassifier for potential version mismatch.
2026-02-03 16:42:16,777 - hydration_ml - INFO - Feature engineering completed | Features: 31
2026-02-03 16:56:25,170 - hydration_ml - INFO - Loading trained hydration models...
2026-02-03 16:56:25,291 - hydration_ml - INFO - Successfully patched SimpleImputer compatibility.
2026-02-03 16:56:25,291 - hydration_ml - INFO - Patched RandomForestRegressor for potential version mismatch.
2026-02-03 16:56:25,291 - hydration_ml - INFO - Patched RandomForestClassifier for potential version mismatch.
2026-02-03 16:56:25,333 - hydration_ml - INFO - Feature engineering completed | Features: 31
2026-02-03 17:34:04,170 - hydration_ml - INFO - Loading trained hydration models...
2026-02-03 17:34:04,466 - hydration_ml - INFO - Successfully patched SimpleImputer compatibility.
2026-02-03 17:34:04,467 - hydration_ml - INFO - Patched RandomForestRegressor for potential version mismatch.
2026-02-03 17:34:04,468 - hydration_ml - INFO - Patched RandomForestClassifier for potential version mismatch.
2026-02-03 17:34:04,564 - hydration_ml - INFO - Feature engineering completed | Features: 31
2026-02-03 18:11:44,794 - hydration_ml - INFO - Loading trained hydration models...
2026-02-03 18:11:45,067 - hydration_ml - INFO - Successfully patched SimpleImputer compatibility.
2026-02-03 18:11:45,067 - hydration_ml - INFO - Patched RandomForestRegressor for potential version mismatch.
2026-02-03 18:11:45,068 - hydration_ml - INFO - Patched RandomForestClassifier for potential version mismatch.
2026-02-03 18:11:45,151 - hydration_ml - INFO - Feature engineering completed | Features: 31
2026-02-03 18:59:25,258 - hydration_ml - INFO - Loading trained hydration models...
2026-02-03 18:59:25,376 - hydration_ml - INFO - Successfully patched SimpleImputer compatibility.
2026-02-03 18:59:25,377 - hydration_ml - INFO - Patched RandomForestRegressor for potential version mismatch.
2026-02-03 18:59:25,377 - hydration_ml - INFO - Patched RandomForestClassifier for potential version mismatch.
2026-02-03 18:59:25,414 - hydration_ml - INFO - Feature engineering completed | Features: 31
2026-02-03 19:11:19,954 - hydration_ml - INFO - Loading trained hydration models...
2026-02-03 19:11:20,075 - hydration_ml - INFO - Successfully patched SimpleImputer compatibility.
2026-02-03 19:11:20,076 - hydration_ml - INFO - Patched RandomForestRegressor for potential version mismatch.
2026-02-03 19:11:20,076 - hydration_ml - INFO - Patched RandomForestClassifier for potential version mismatch.
2026-02-03 19:11:20,118 - hydration_ml - INFO - Feature engineering completed | Features: 31
2026-02-03 19:34:53,848 - hydration_ml - INFO - Loading trained hydration models...
2026-02-03 19:34:54,235 - hydration_ml - INFO - Successfully patched SimpleImputer compatibility.
2026-02-03 19:34:54,235 - hydration_ml - INFO - Patched RandomForestRegressor for potential version mismatch.
2026-02-03 19:34:54,236 - hydration_ml - INFO - Patched RandomForestClassifier for potential version mismatch.
2026-02-03 19:34:54,325 - hydration_ml - INFO - Feature engineering completed | Features: 31
2026-02-03 20:47:41,183 - hydration_ml - INFO - Loading trained hydration models...
2026-02-03 20:47:41,788 - hydration_ml - INFO - Successfully patched SimpleImputer compatibility.
2026-02-03 20:47:41,789 - hydration_ml - INFO - Patched RandomForestRegressor for potential version mismatch.
2026-02-03 20:47:41,790 - hydration_ml - INFO - Patched RandomForestClassifier for potential version mismatch.
2026-02-03 20:47:42,067 - hydration_ml - INFO - Feature engineering completed | Features: 31
2026-02-03 22:55:08,064 - hydration_ml - INFO - Loading trained hydration models...
2026-02-03 22:55:08,891 - hydration_ml - INFO - Successfully patched SimpleImputer compatibility.
2026-02-03 22:55:08,892 - hydration_ml - INFO - Patched RandomForestRegressor for potential version mismatch.
2026-02-03 22:55:08,893 - hydration_ml - INFO - Patched RandomForestClassifier for potential version mismatch.
2026-02-03 22:55:09,162 - hydration_ml - INFO - Feature engineering completed | Features: 31
